                                                                        
 F 0( 3d, 3d)       5
 F 2( 3d, 3d)      10
 F 4( 3d, 3d)      15
 *
   28.00000000F       1       1
   28.00000000F       5       5
   28.00000000F       4       4
   28.00000000F       2       2
   28.00000000F       3       3

   -0.77551020F       5       5
   -0.85487528F       5       5
   -0.775510 (    38:    49)  R 2 ( 3d, 3d; 3d, 3d)  
   -0.854875 [  9255: 12664]  R 4 ( 3d, 3d; 3d, 3d)  


   -0.714286 (     5:     7)  R 2 ( 3d, 3d; 3d, 3d)  
   -1.047619 (    22:    21)  R 4 ( 3d, 3d; 3d, 3d)  
   -1.04761905F       2       2
   -0.71428571F       2       2

   -0.91836735F       3       3
   -0.77551020F       3       3
   -0.918367 (    45:    49)  R 2 ( 3d, 3d; 3d, 3d)  
   -0.775510 (    38:    49)  R 4 ( 3d, 3d; 3d, 3d)  

   -0.57142857F       1       1
   -0.57142857F       1       1
   -0.571429 (     4:     7)  R 2 ( 3d, 3d; 3d, 3d)  
   -0.571429 (     4:     7)  R 4 ( 3d, 3d; 3d, 3d)  

   -1.02040816F       4       4
   -0.87755102F       4       4
   -1.020408 (    50:    49)  R 2 ( 3d, 3d; 3d, 3d)  
   -0.877551 (    43:    49)  R 4 ( 3d, 3d; 3d, 3d)  

              *                 
 *
              *                 
 *
 *
 *
              *                       
 L  ( 3d, 3d)       5
 *
   -4.00000000L       1       1       0
   -4.00000000L       2       2       0
   -4.00000000L       3       3       0
   -4.00000000L       4       4       0
   -4.00000000L       5       5       0
              *               
 *
              *               
 *
              *               
 *
              *               
 *
              *               

